[0m11:11:23.960514 [debug] [MainThread]: Sending event: {'category': 'dbt', 'action': 'invocation', 'label': 'start', 'context': [<snowplow_tracker.self_describing_json.SelfDescribingJson object at 0x108a0cc20>, <snowplow_tracker.self_describing_json.SelfDescribingJson object at 0x10af3f4d0>, <snowplow_tracker.self_describing_json.SelfDescribingJson object at 0x10af3f750>]}


============================== 11:11:23.964520 | abde9e65-5a04-455a-b2c9-5244eda21008 ==============================
[0m11:11:23.964520 [info ] [MainThread]: Running with dbt=1.12.0
[0m11:11:23.964882 [debug] [MainThread]: running dbt with arguments {'hints_enabled': 'True', 'empty': 'None', 'log_cache_events': 'False', 'warn_error_options': 'WarnErrorOptionsV2(error=[], warn=[], silence=[])', 'introspect': 'True', 'log_path': 'dbt/logs', 'warn_error': 'None', 'profiles_dir': 'dbt', 'debug': 'False', 'maximum_seed_size_mib': '1', 'write_json': 'True', 'version_check': 'True', 'target_path': 'None', 'indirect_selection': 'eager', 'cache_selected_only': 'False', 'printer_width': '80', 'fail_fast': 'False', 'use_experimental_parser': 'False', 'no_print': 'None', 'send_anonymous_usage_stats': 'True', 'partial_parse': 'True', 'invocation_command': 'dbt debug --project-dir dbt --profiles-dir dbt', 'use_colors': 'True', 'quiet': 'False', 'log_format': 'default', 'static_parser': 'True'}
[0m11:11:23.975734 [info ] [MainThread]: dbt version: 1.12.0
[0m11:11:23.975984 [info ] [MainThread]: python version: 3.13.5
[0m11:11:23.976137 [info ] [MainThread]: python path: /Users/ame/dog-breed-explorer/.venv/bin/python3
[0m11:11:23.976280 [info ] [MainThread]: os info: macOS-26.3.1-arm64-arm-64bit-Mach-O
[0m11:11:24.117196 [info ] [MainThread]: Using profiles dir at dbt
[0m11:11:24.117470 [info ] [MainThread]: Using profiles.yml file at dbt/profiles.yml
[0m11:11:24.117623 [info ] [MainThread]: Using dbt_project.yml file at dbt/dbt_project.yml
[0m11:11:24.119064 [info ] [MainThread]: adapter type: duckdb
[0m11:11:24.119262 [info ] [MainThread]: adapter version: 1.11.0
[0m11:11:24.169956 [info ] [MainThread]: Configuration:
[0m11:11:24.170252 [info ] [MainThread]:   profiles.yml file [[32mOK found and valid[0m]
[0m11:11:24.170411 [info ] [MainThread]:   dbt_project.yml file [[32mOK found and valid[0m]
[0m11:11:24.170556 [info ] [MainThread]: Required dependencies:
[0m11:11:24.170805 [debug] [MainThread]: Executing "git --help"
[0m11:11:24.184841 [debug] [MainThread]: STDOUT: "b"usage: git [-v | --version] [-h | --help] [-C <path>] [-c <name>=<value>]\n           [--exec-path[=<path>]] [--html-path] [--man-path] [--info-path]\n           [-p | --paginate | -P | --no-pager] [--no-replace-objects] [--no-lazy-fetch]\n           [--no-optional-locks] [--no-advice] [--bare] [--git-dir=<path>]\n           [--work-tree=<path>] [--namespace=<name>] [--config-env=<name>=<envvar>]\n           <command> [<args>]\n\nThese are common Git commands used in various situations:\n\nstart a working area (see also: git help tutorial)\n   clone      Clone a repository into a new directory\n   init       Create an empty Git repository or reinitialize an existing one\n\nwork on the current change (see also: git help everyday)\n   add        Add file contents to the index\n   mv         Move or rename a file, a directory, or a symlink\n   restore    Restore working tree files\n   rm         Remove files from the working tree and from the index\n\nexamine the history and state (see also: git help revisions)\n   bisect     Use binary search to find the commit that introduced a bug\n   diff       Show changes between commits, commit and working tree, etc\n   grep       Print lines matching a pattern\n   log        Show commit logs\n   show       Show various types of objects\n   status     Show the working tree status\n\ngrow, mark and tweak your common history\n   backfill   Download missing objects in a partial clone\n   branch     List, create, or delete branches\n   commit     Record changes to the repository\n   history    EXPERIMENTAL: Rewrite history\n   merge      Join two or more development histories together\n   rebase     Reapply commits on top of another base tip\n   reset      Set `HEAD` or the index to a known state\n   switch     Switch branches\n   tag        Create, list, delete or verify tags\n\ncollaborate (see also: git help workflows)\n   fetch      Download objects and refs from another repository\n   pull       Fetch from and integrate with another repository or a local branch\n   push       Update remote refs along with associated objects\n\n'git help -a' and 'git help -g' list available subcommands and some\nconcept guides. See 'git help <command>' or 'git help <concept>'\nto read about a specific subcommand or concept.\nSee 'git help git' for an overview of the system.\n""
[0m11:11:24.185388 [debug] [MainThread]: STDERR: "b''"
[0m11:11:24.185587 [info ] [MainThread]:  - git [[32mOK found[0m]

[0m11:11:24.185759 [info ] [MainThread]: Connection:
[0m11:11:24.185929 [info ] [MainThread]:   database: dog_breeds
[0m11:11:24.186076 [info ] [MainThread]:   schema: main
[0m11:11:24.186213 [info ] [MainThread]:   path: ../dog_breeds.duckdb
[0m11:11:24.186348 [info ] [MainThread]:   config_options: None
[0m11:11:24.186490 [info ] [MainThread]:   extensions: None
[0m11:11:24.186622 [info ] [MainThread]:   settings: {}
[0m11:11:24.186753 [info ] [MainThread]:   external_root: .
[0m11:11:24.186882 [info ] [MainThread]:   use_credential_provider: None
[0m11:11:24.187013 [info ] [MainThread]:   attach: None
[0m11:11:24.187137 [info ] [MainThread]:   filesystems: None
[0m11:11:24.187263 [info ] [MainThread]:   remote: None
[0m11:11:24.187389 [info ] [MainThread]:   plugins: None
[0m11:11:24.187516 [info ] [MainThread]:   disable_transactions: False
[0m11:11:24.187857 [info ] [MainThread]: Registered adapter: duckdb=1.11.0
[0m11:11:24.232862 [debug] [MainThread]: Acquiring new duckdb connection 'debug'
[0m11:11:24.271850 [debug] [MainThread]: Using duckdb connection "debug"
[0m11:11:24.272094 [debug] [MainThread]: On debug: select 1 as id
[0m11:11:24.272255 [debug] [MainThread]: Opening a new connection, currently in state init
[0m11:11:24.285853 [debug] [MainThread]: SQL status: OK in 0.014 seconds
[0m11:11:24.286476 [debug] [MainThread]: On debug: Close
[0m11:11:24.286694 [info ] [MainThread]:   Connection test: [[32mOK connection ok[0m]

[0m11:11:24.286894 [info ] [MainThread]: [32mAll checks passed![0m
[0m11:11:24.318049 [debug] [MainThread]: Resource report: {"command_name": "debug", "command_success": true, "command_wall_clock_time": 0.41148874, "process_in_blocks": "0", "process_kernel_time": 0.212637, "process_mem_max_rss": "146898944", "process_out_blocks": "0", "process_user_time": 0.882976}
[0m11:11:24.318493 [debug] [MainThread]: Command `dbt debug` succeeded at 11:11:24.318423 after 0.41 seconds
[0m11:11:24.318732 [debug] [MainThread]: Connection 'debug' was properly closed.
[0m11:11:24.318987 [debug] [MainThread]: Sending event: {'category': 'dbt', 'action': 'invocation', 'label': 'end', 'context': [<snowplow_tracker.self_describing_json.SelfDescribingJson object at 0x10b3f2c40>, <snowplow_tracker.self_describing_json.SelfDescribingJson object at 0x10b780050>, <snowplow_tracker.self_describing_json.SelfDescribingJson object at 0x10b373790>]}
[0m11:11:24.319265 [debug] [MainThread]: Flushing usage events
[0m11:11:24.900657 [debug] [MainThread]: An error was encountered while trying to flush usage events
